; Martini-to-Gromos Mapping file for poly(3-hexyl-thiophene) (P3HT)
;
; Description:
;   See [DOI: 10.26434/chemrxiv.12277931].
; Reference(s):
;   R Alessandri, JJ Uusitalo, AH de Vries, RWA Havenith, SJ Marrink, Bulk Heterojunction Morphologies with Atomistic Resolution
;   from Coarse-Grain Solvent Evaporation Simulations, JACS 2017, 139, 3697 [DOI: 10.1021/jacs.6b11717]
;
; Updated:
;   2019.09.27 by RA

[ molecule ]
P3HT

[ martini ]
   S1   C2   C3   V4   C5   C6 

[ mapping ]
gromos gromos53a6

[ atoms ]
    1   ST1    S1
    2   CT2    S1  C3
    3   CT3    C3
    4   CT4    C2
    5   HT4   
    6   CT5    S1  C2
    7   C06    C3  C3  C5
    8   H06   
    9   H07    
   10   C07    C3  C5  C5 
   11   H08   
   12   H09    
   13   C08    C5
   14   H10   
   15   H11    
   16   C09    C5  C5  C6
   17   H12   
   18   H13    
   19   C10    C5  C6  C6
   20   H14    
   21   H15    
   22   C11    C6 
   23   H16   
   24   H17    
   25   H18    

[ trans ]
CT5 CT4 CT3 C06

[ cis ]
CT3 CT2 ST1 CT5

[ trans ]
; H's on thiophene rings
HT4 CT4 CT3 CT2
; H's on alkyl chains
H06 C06 CT3 CT4
H07 C06 CT3 CT4
H08 C07 C06 H06
H09 C07 C06 H07
H10 C08 C07 H08
H11 C08 C07 H09
H12 C09 C08 H10
H13 C09 C08 H11
H14 C10 C09 H12
H15 C10 C09 H13
H16 C11 C10 H14
H17 C11 C10 H15
H18 C11 C10 H15

